<!DOCTYPE html>
<html>
  <head>
    <meta charset="utf-8">
    <title>Some web page title</title>
  </head>
  <body>
    <header role="header">
      <h1><a href="#test-anchor">Test title</a></h1>
    </header>
    <div class="test-class" id="test-anchor">
      <p>
        Some basic content
      </p>
    </div>
  </body>
</html>
